// Vitest Snapshot v1, https://vitest.dev/guide/snapshot.html

exports[`e2e:vfile-location > should expose public api 1`] = `
[
  "Location",
]
`;
